exports[`test StudentSidenav should render 1`] = `
<Menu
  className="studentSidenav"
  inverted={true}
  vertical={true}>
  <MenuItem
    id="student-sidenav-info">
    <Image
      as="img"
      centered={true}
      shape="circular"
      size="tiny"
      ui={true} />
    <div
      className="userdiv">
      <h4 />
      <p>
        500  Points Earned
      </p>
      <p>
         
        500 Points Remaining
      </p>
      <p />
    </div>
  </MenuItem>
  <Link
    replace={false}
    to="/student/dashboard">
    <MenuItem>
      <Icon
        as="i"
        className="dash-icon"
        color="orange"
        name="dashboard" />
      <br />
      Dashboard
    </MenuItem>
  </Link>
  <Link
    replace={false}
    to="/student/challenges">
    <MenuItem>
      <Icon
        as="i"
        className="dash-icon"
        color="orange"
        name="chevron up" />
      <br />
      Challenges
    </MenuItem>
  </Link>
  <Link
    replace={false}
    to="/student/rewards">
    <MenuItem>
      <Icon
        as="i"
        className="dash-icon"
        color="orange"
        name="gift" />
      <br />
      Rewards
    </MenuItem>
  </Link>
  <Link
    replace={false}
    to="/">
    <MenuItem
      onClick={[Function]}>
      <Icon
        as="i"
        className="dash-icon"
        color="orange"
        name="sign out" />
      <br />
      Log Out
    </MenuItem>
  </Link>
</Menu>
`;
